SJGZ.bible.txt Tue May 6 11:05:17 AM EDT 2025	66680/217110	~0.30712542029386025517	\|	264119/217110	~1.21652157892312652572
SJGZ.bible.txt Tue May 6 11:13:33 AM EDT 2025	66680/217110	~0.30712542029386025517	\|	264119/217110	~1.21652157892312652572
SJGZ.bible.txt Tue May 6 11:15:56 AM EDT 2025	66696/217110	~0.30719911565565842200	\|	264119/217110	~1.21652157892312652572
SJGZ.bible.txt Tue May 6 11:21:08 AM EDT 2025	66696/217110	~0.30719911565565842200	\|	264119/217110	~1.21652157892312652572
SJGZ.bible.txt Tue May 6 11:23:24 AM EDT 2025	66696/217110	~0.30719911565565842200	\|	264119/217110	~1.21652157892312652572
SJGZ.bible.txt Tue May 6 11:33:30 AM EDT 2025	66702/217110	~0.30722675141633273456	\|	264119/217110	~1.21652157892312652572
SJGZ.bible.txt Tue May 6 11:42:23 AM EDT 2025	66702/217110	~0.30722675141633273456	\|	264119/217110	~1.21652157892312652572
SJGZ.bible.txt Tue May 6 12:11:55 PM EDT 2025	66710/217110	~0.30726359909723181797	\|	264119/217110	~1.21652157892312652572
BxTP.txt Thu May 8 10:06:18 AM EDT 2025	1/1	1	\|	1/1	1
BxTP.txt Thu May 8 10:06:45 AM EDT 2025	2361/3163	~0.74644325007903888713	\|	3690/3163	~1.16661397407524502055
BxTP.txt Thu May 8 10:07:24 AM EDT 2025	2361/3163	~0.74644325007903888713	\|	3690/3163	~1.16661397407524502055
BxTP.txt Thu May 8 10:07:32 AM EDT 2025	2361/3163	~0.74644325007903888713	\|	3690/3163	~1.16661397407524502055
BxTP.txt Thu May 8 10:09:00 AM EDT 2025	2360/3163	~0.74612709453050901043	\|	3690/3163	~1.16661397407524502055
BxTP.txt Thu May 8 10:46:46 AM EDT 2025	2407/3237	~0.74358974358974358974	\|	3784/3237	~1.16898362681495211616
BxTP.txt Thu May 8 10:58:44 AM EDT 2025	2407/3237	~0.74358974358974358974	\|	3784/3237	~1.16898362681495211616
only-adj.txt Thu May 8 11:00:10 AM EDT 2025	1/1	1	\|	1/1	1
only-adj.txt Thu May 8 11:00:14 AM EDT 2025	1/1	1	\|	1/1	1
only-adj.txt Thu May 8 11:00:21 AM EDT 2025	0/0	Error E_ZERODIVZERO	\|	0/0	Error E_ZERODIVZERO
only-adj.txt Thu May 8 11:00:34 AM EDT 2025	0/0	Error E_ZERODIVZERO	\|	0/0	Error E_ZERODIVZERO
only-adj.txt Thu May 8 11:01:36 AM EDT 2025	42/67	~0.62686567164179104478	\|	83/67	~1.23880597014925373134
only-adj.txt Thu May 8 11:02:54 AM EDT 2025	32/49	~0.65306122448979591837	\|	65/49	~1.32653061224489795918
only-adj.txt Thu May 8 11:04:37 AM EDT 2025	32/49	~0.65306122448979591837	\|	65/49	~1.32653061224489795918
only-adj.txt Thu May 8 11:04:47 AM EDT 2025	34/49	~0.69387755102040816327	\|	65/49	~1.32653061224489795918
only-adj.txt Thu May 8 11:06:34 AM EDT 2025	34/49	~0.69387755102040816327	\|	65/49	~1.32653061224489795918
only-adj.txt Thu May 8 11:16:22 AM EDT 2025	36/55	~0.65454545454545454545	\|	72/55	~1.30909090909090909091
only-adj.txt Thu May 8 11:17:25 AM EDT 2025	38/55	~0.69090909090909090909	\|	72/55	~1.30909090909090909091
only-adj.txt Thu May 8 11:25:27 AM EDT 2025	43/63	~0.68253968253968253968	\|	83/63	~1.31746031746031746032
only-adj.txt Thu May 8 11:35:01 AM EDT 2025	46/63	~0.73015873015873015873	\|	83/63	~1.31746031746031746032
only-adj.txt Thu May 8 11:56:54 AM EDT 2025	47/63	~0.74603174603174603175	\|	83/63	~1.31746031746031746032
